2026-06-17 06:00:00 - INFO - ════════════════════════════════════════════════════════════════════════════════╗
2026-06-17 06:00:00 - INFO - ║         Автоматическое обновление базы знаний (Task 6)                        ║
2026-06-17 06:00:00 - INFO - ╚════════════════════════════════════════════════════════════════════════════════╝
2026-06-17 06:00:00 - INFO - Сканирование источника данных...
2026-06-17 06:00:00 - INFO - Источник: ../Task2/knowledge_base
2026-06-17 06:00:01 - INFO - Найдено всего документов: 32
2026-06-17 06:00:01 - INFO - Документов в индексе (hash): 30
2026-06-17 06:00:01 - INFO - Новых документов: 2
2026-06-17 06:00:01 - INFO -
2026-06-17 06:00:01 - INFO - Обработка новых документов...
2026-06-17 06:00:01 - INFO - ├─ Обработка: document_031.txt (3.2 KB)
2026-06-17 06:00:01 - INFO - │  └─ Разбиение на чанки... OK (4 чанков)
2026-06-17 06:00:02 - INFO - │  └─ Генерирование эмбеддингов... OK (4 embeddings)
2026-06-17 06:00:02 - INFO - │  └─ Добавление в индекс... OK
2026-06-17 06:00:02 - INFO - ├─ Обработка: document_032.txt (2.8 KB)
2026-06-17 06:00:02 - INFO - │  └─ Разбиение на чанки... OK (3 чанков)
2026-06-17 06:00:02 - INFO - │  └─ Генерирование эмбеддингов... OK (3 embeddings)
2026-06-17 06:00:02 - INFO - │  └─ Добавление в индекс... OK
2026-06-17 06:00:03 - INFO -
2026-06-17 06:00:03 - INFO - Обновление метаданных индекса...
2026-06-17 06:00:03 - INFO - ├─ Сохранение новых чанков в chunks.json
2026-06-17 06:00:03 - INFO - ├─ Сохранение индекса FAISS
2026-06-17 06:00:03 - INFO - ├─ Обновление index_info.json
2026-06-17 06:00:03 - INFO - └─ Сохранение истории хешей
2026-06-17 06:00:03 - INFO -
2026-06-17 06:00:03 - INFO - ════════════════════════════════════════════════════════════════════════════════
2026-06-17 06:00:03 - INFO - ИТОГИ ОБНОВЛЕНИЯ (2026-06-17 06:00:00 → 06:00:03)
2026-06-17 06:00:03 - INFO - ════════════════════════════════════════════════════════════════════════════════
2026-06-17 06:00:03 - INFO - ✓ Время выполнения: 3.2 сек
2026-06-17 06:00:03 - INFO - ✓ Источник данных: ../Task2/knowledge_base
2026-06-17 06:00:03 - INFO - ✓ Всего документов обработано: 2
2026-06-17 06:00:03 - INFO - ✓ Новых чанков добавлено: 7
2026-06-17 06:00:03 - INFO - ✓ Всего чанков в индексе: 127
2026-06-17 06:00:03 - INFO - ✓ Размер индекса: 5.2 MB
2026-06-17 06:00:03 - INFO - ✓ Статус: ✓ УСПЕШНО
2026-06-17 06:00:03 - INFO - ✓ Ошибок: 0
2026-06-17 06:00:03 - INFO -
2026-06-17 06:00:03 - INFO - Модель эмбеддингов: all-MiniLM-L6-v2
2026-06-17 06:00:03 - INFO - Размерность векторов: 384
2026-06-17 06:00:03 - INFO - Тип индекса: FAISS (IVF_FLAT)
2026-06-17 06:00:03 - INFO - ════════════════════════════════════════════════════════════════════════════════
